
[0m[0m
[0m  Create a composer while[0m
  [32m  âœ“[0m[90m should have an active repl[0m[31m (132ms)[0m
  [31m  1) should fail[0m


[92m [0m[32m 1 passing[0m[90m (3s)[0m
[31m  1 failing[0m

[0m  1) Create a composer while should fail:

      [31mAssertionError [ERR_ASSERTION]: false == true[0m
      [32m+ expected[0m [31m- actual[0m

      [31m-false[0m
      [32m+true[0m
      [0m[90m
      at Context.it (tests/passes/07/aaa.js:79:36)
[0m


